1791368355148 74
1791368355212 65
1791368355378 73
1791368355437 74
1791368356045 1b 5b 44
1791368356230 1b 5b 44
1791368356395 1b 5b 44
1791368356567 1b 5b 44
1791368356746 1b 5b 44
1791368356940 1b 5b 44
1791368357428 1b 5b 43
1791368357650 1b 5b 43
1791368357850 1b 5b 43
1791368358073 1b 5b 43
1791368358291 1b 5b 43
1791368358503 1b 5b 43
1791368358932 1b 5b 44
1791368359114 1b 5b 44
1791368359288 1b 5b 44
1791368359462 1b 5b 44
1791368359637 1b 5b 44
1791368359812 1b 5b 44
1791368360037 1b 5b 43
1791368360538 1b 5b 43
1791368360570 1b 5b 43
1791368360604 1b 5b 43
1791368360637 1b 5b 43
1791368360671 1b 5b 43
1791368360706 1b 5b 43
1791368360742 1b 5b 43
1791368360772 1b 5b 43
1791368360808 1b 5b 43
1791368360840 1b 5b 43
1791368360877 1b 5b 43
1791368361187 7f
1791368361687 7f
1791368361720 7f
1791368361753 7f
1791368361786 7f
1791368361821 7f
1791368361854 7f
1791368361887 7f
1791368361921 7f
1791368363341 1b 5b 43
1791368363525 1b 5b 43
1791368363724 1b 5b 43
1791368363920 1b 5b 43
1791368364788 1b 5b 43
1791368364986 1b 5b 43
1791368365174 1b 5b 43
1791368365337 1b 5b 43
